成功连接到 Elasticsearch！
索引 'products' 已存在。
文档 'A001' 已插入。
文档 'B002' 已插入。

--- 检索 1: 全文检索“智能” ---
找到 1 条文档：
得分：0.6548753，文档内容：{
  "product_id": "A001",
  "name": "智能手机",
  "description": "最新款智能手机，性能强大，拍照清晰。",
  "price": 4999.5,
  "category": "电子产品",
  "stock": 150,
  "on_sale": true,
  "created_at": "2023-01-15T09:00:00Z"
}

--- 检索 2: 结合查询与过滤 ---
找到 1 条文档：
得分：1.0，文档内容：{
  "product_id": "B002",
  "name": "无线蓝牙耳机",
  "description": "音质卓越，佩戴舒适，超长续航。",
  "price": 699.0,
  "category": "电子产品",
  "stock": 300,
  "on_sale": true,
  "created_at": "2023-02-20T14:30:00Z"
}

--- 检索 3: 聚合查询（按类别统计） ---
找到 2 条文档：
