正在加载 SentenceTransformer 模型...

Loading weights:   0%|          | 0/71 [00:00<?, ?it/s]
Loading weights: 100%|██████████| 71/71 [00:00<00:00, 1536.12it/s]
模型加载完成。
旧索引 'semantic_search_demo' 已删除。
正在创建新索引 'semantic_search_demo'...
索引 'semantic_search_demo' 创建成功。

正在生成并插入文档...
所有文档插入完成。

--- 执行向量检索 ---
查询文本: '关于AI和未来的技术'
找到 3 个最相关的结果:
得分: 0.8596, 内容: 人工智能是未来的趋势。
得分: 0.7824, 内容: 自然语言处理技术让机器理解人类语言。
得分: 0.7792, 内容: 机器学习是人工智能的一个重要分支。

--- 结合 knn 和 filter 查询 ---
查询文本: '关于AI和未来的技术' (并过滤包含 '技术' 的文档)
找到 4 个最相关的结果:
得分: 2.5773, 内容: 自然语言处理技术让机器理解人类语言。
得分: 2.4149, 内容: 工程技术需要画图。
得分: 0.8596, 内容: 人工智能是未来的趋势。
得分: 0.7792, 内容: 机器学习是人工智能的一个重要分支。

--- 结合 knn 和 filter 查询 ---
查询文本: '关于AI和未来的技术' (并过滤包含 '技术' 的文档)
找到 2 个最相关的结果:
得分: 2.4149, 内容: 工程技术需要画图。
得分: 1.7949, 内容: 自然语言处理技术让机器理解人类语言。
