Xet Storage is enabled for this repo, but the 'hf_xet' package is not installed. Falling back to regular HTTP download. For better performance, install the package with: `pip install huggingface_hub[hf_xet]` or `pip install hf_xet`
Some weights of BertForSequenceClassification were not initialized from the model checkpoint at google-bert/bert-base-chinese and are newly initialized: ['classifier.bias', 'classifier.weight']
You should probably TRAIN this model on a down-stream task to be able to use it for predictions and inference.
设备: CPU
样本: train=400, test=100, 类别=11
超参数: epochs=4, batch_size=16, learning_rate=2e-05, seed=42

  0%|          | 0/100 [00:00<?, ?it/s]
  1%|          | 1/100 [00:04<06:49,  4.14s/it]
  2%|▏         | 2/100 [00:06<05:18,  3.25s/it]
  3%|▎         | 3/100 [00:08<04:26,  2.75s/it]
  4%|▍         | 4/100 [00:10<03:46,  2.36s/it]
  5%|▌         | 5/100 [00:12<03:20,  2.11s/it]
                                               

  5%|▌         | 5/100 [00:12<03:20,  2.11s/it]
  6%|▌         | 6/100 [00:13<03:03,  1.95s/it]
  7%|▋         | 7/100 [00:15<02:51,  1.84s/it]
  8%|▊         | 8/100 [00:17<02:47,  1.82s/it]
  9%|▉         | 9/100 [00:19<02:47,  1.85s/it]
 10%|█         | 10/100 [00:21<02:57,  1.97s/it]
                                                

 10%|█         | 10/100 [00:21<02:57,  1.97s/it]
 11%|█         | 11/100 [00:23<02:50,  1.92s/it]
 12%|█▏        | 12/100 [00:25<02:59,  2.04s/it]
 13%|█▎        | 13/100 [00:27<02:57,  2.04s/it]
 14%|█▍        | 14/100 [00:29<03:01,  2.11s/it]
 15%|█▌        | 15/100 [00:31<02:48,  1.98s/it]
                                                

 15%|█▌        | 15/100 [00:31<02:48,  1.98s/it]
 16%|█▌        | 16/100 [00:33<02:43,  1.95s/it]
 17%|█▋        | 17/100 [00:35<02:32,  1.83s/it]
 18%|█▊        | 18/100 [00:36<02:31,  1.84s/it]
 19%|█▉        | 19/100 [00:38<02:30,  1.86s/it]
 20%|██        | 20/100 [00:40<02:28,  1.86s/it]
                                                

 20%|██        | 20/100 [00:40<02:28,  1.86s/it]
 21%|██        | 21/100 [00:42<02:31,  1.92s/it]
 22%|██▏       | 22/100 [00:44<02:31,  1.95s/it]
 23%|██▎       | 23/100 [00:46<02:28,  1.93s/it]
 24%|██▍       | 24/100 [00:48<02:25,  1.92s/it]
 25%|██▌       | 25/100 [00:50<02:23,  1.91s/it]
                                                

 25%|██▌       | 25/100 [00:50<02:23,  1.91s/it]
{'loss': 2.5607, 'grad_norm': 70.12831115722656, 'learning_rate': 8.000000000000001e-06, 'epoch': 0.2}
{'loss': 2.473, 'grad_norm': 62.990169525146484, 'learning_rate': 1.8e-05, 'epoch': 0.4}
{'loss': 2.3052, 'grad_norm': 44.394474029541016, 'learning_rate': 1.9111111111111113e-05, 'epoch': 0.6}
{'loss': 2.2096, 'grad_norm': 11.782587051391602, 'learning_rate': 1.8e-05, 'epoch': 0.8}
{'loss': 2.0726, 'grad_norm': 14.588523864746094, 'learning_rate': 1.688888888888889e-05, 'epoch': 1.0}

  0%|          | 0/7 [00:00<?, ?it/s][A

 29%|██▊       | 2/7 [00:00<00:01,  4.84it/s][A

 43%|████▎     | 3/7 [00:00<00:01,  3.39it/s][A

 57%|█████▋    | 4/7 [00:01<00:01,  2.90it/s][A

 71%|███████▏  | 5/7 [00:01<00:00,  2.72it/s][A

 86%|████████▌ | 6/7 [00:02<00:00,  2.60it/s][A

100%|██████████| 7/7 [00:02<00:00,  3.28it/s][A
                                                


                                             
[A
 25%|██▌       | 25/100 [00:53<02:23,  1.91s/it]

100%|██████████| 7/7 [00:02<00:00,  3.28it/s][A

                                             [A
 26%|██▌       | 26/100 [00:55<03:29,  2.83s/it]
 27%|██▋       | 27/100 [00:57<03:05,  2.55s/it]
 28%|██▊       | 28/100 [00:59<02:49,  2.35s/it]
 29%|██▉       | 29/100 [01:01<02:37,  2.21s/it]
 30%|███       | 30/100 [01:03<02:33,  2.20s/it]
                                                

 30%|███       | 30/100 [01:03<02:33,  2.20s/it]
 31%|███       | 31/100 [01:05<02:39,  2.32s/it]
 32%|███▏      | 32/100 [01:08<02:43,  2.40s/it]
 33%|███▎      | 33/100 [01:11<02:51,  2.55s/it]
 34%|███▍      | 34/100 [01:14<03:06,  2.83s/it]
 35%|███▌      | 35/100 [01:17<02:57,  2.74s/it]
                                                

 35%|███▌      | 35/100 [01:17<02:57,  2.74s/it]
 36%|███▌      | 36/100 [01:19<02:40,  2.51s/it]
 37%|███▋      | 37/100 [01:21<02:27,  2.34s/it]
 38%|███▊      | 38/100 [01:23<02:26,  2.37s/it]
 39%|███▉      | 39/100 [01:25<02:21,  2.32s/it]
 40%|████      | 40/100 [01:27<02:08,  2.13s/it]
                                                

 40%|████      | 40/100 [01:27<02:08,  2.13s/it]
 41%|████      | 41/100 [01:29<02:00,  2.05s/it]
 42%|████▏     | 42/100 [01:31<01:54,  1.97s/it]
 43%|████▎     | 43/100 [01:33<01:48,  1.91s/it]
 44%|████▍     | 44/100 [01:34<01:41,  1.82s/it]
 45%|████▌     | 45/100 [01:36<01:37,  1.76s/it]
                                                

 45%|████▌     | 45/100 [01:36<01:37,  1.76s/it]
 46%|████▌     | 46/100 [01:38<01:41,  1.87s/it]
 47%|████▋     | 47/100 [01:41<01:54,  2.15s/it]
 48%|████▊     | 48/100 [01:43<01:49,  2.10s/it]
 49%|████▉     | 49/100 [01:45<01:46,  2.09s/it]
 50%|█████     | 50/100 [01:47<01:42,  2.05s/it]
                                                

{'eval_loss': 1.9617953300476074, 'eval_accuracy': 0.51, 'eval_runtime': 2.8077, 'eval_samples_per_second': 35.616, 'eval_steps_per_second': 2.493, 'epoch': 1.0}
{'loss': 1.8226, 'grad_norm': 17.987558364868164, 'learning_rate': 1.577777777777778e-05, 'epoch': 1.2}
{'loss': 1.7102, 'grad_norm': 14.220856666564941, 'learning_rate': 1.4666666666666666e-05, 'epoch': 1.4}
{'loss': 1.6626, 'grad_norm': 10.343928337097168, 'learning_rate': 1.3555555555555557e-05, 'epoch': 1.6}
{'loss': 1.4825, 'grad_norm': 18.125572204589844, 'learning_rate': 1.2444444444444446e-05, 'epoch': 1.8}
{'loss': 1.4224, 'grad_norm': 12.734219551086426, 'learning_rate': 1.1333333333333334e-05, 'epoch': 2.0}
 50%|█████     | 50/100 [01:47<01:42,  2.05s/it]

  0%|          | 0/7 [00:00<?, ?it/s][A

 29%|██▊       | 2/7 [00:00<00:01,  3.91it/s][A

 43%|████▎     | 3/7 [00:00<00:01,  2.87it/s][A

 57%|█████▋    | 4/7 [00:01<00:01,  2.63it/s][A

 71%|███████▏  | 5/7 [00:01<00:00,  2.49it/s][A

 86%|████████▌ | 6/7 [00:02<00:00,  2.41it/s][A

100%|██████████| 7/7 [00:02<00:00,  3.07it/s][A
                                                


                                             
[A
 50%|█████     | 50/100 [01:50<01:42,  2.05s/it]

100%|██████████| 7/7 [00:02<00:00,  3.07it/s][A

                                             [A
 51%|█████     | 51/100 [01:52<02:32,  3.11s/it]
 52%|█████▏    | 52/100 [01:54<02:14,  2.79s/it]
 53%|█████▎    | 53/100 [01:56<01:59,  2.53s/it]
 54%|█████▍    | 54/100 [01:58<01:46,  2.32s/it]
 55%|█████▌    | 55/100 [02:00<01:39,  2.22s/it]
                                                

 55%|█████▌    | 55/100 [02:00<01:39,  2.22s/it]
 56%|█████▌    | 56/100 [02:02<01:35,  2.18s/it]
 57%|█████▋    | 57/100 [02:04<01:31,  2.13s/it]
 58%|█████▊    | 58/100 [02:06<01:31,  2.17s/it]
 59%|█████▉    | 59/100 [02:09<01:29,  2.19s/it]
 60%|██████    | 60/100 [02:11<01:27,  2.18s/it]
                                                

 60%|██████    | 60/100 [02:11<01:27,  2.18s/it]
 61%|██████    | 61/100 [02:13<01:24,  2.17s/it]
 62%|██████▏   | 62/100 [02:15<01:20,  2.11s/it]
 63%|██████▎   | 63/100 [02:17<01:16,  2.06s/it]
 64%|██████▍   | 64/100 [02:19<01:11,  1.97s/it]
 65%|██████▌   | 65/100 [02:20<01:06,  1.90s/it]
                                                

 65%|██████▌   | 65/100 [02:20<01:06,  1.90s/it]
 66%|██████▌   | 66/100 [02:22<01:02,  1.85s/it]
 67%|██████▋   | 67/100 [02:24<01:00,  1.84s/it]
 68%|██████▊   | 68/100 [02:26<01:01,  1.91s/it]
 69%|██████▉   | 69/100 [02:28<00:58,  1.87s/it]
 70%|███████   | 70/100 [02:30<00:55,  1.86s/it]
                                                

 70%|███████   | 70/100 [02:30<00:55,  1.86s/it]
 71%|███████   | 71/100 [02:31<00:53,  1.84s/it]
 72%|███████▏  | 72/100 [02:33<00:49,  1.77s/it]
 73%|███████▎  | 73/100 [02:35<00:46,  1.73s/it]
 74%|███████▍  | 74/100 [02:36<00:43,  1.69s/it]
 75%|███████▌  | 75/100 [02:38<00:41,  1.66s/it]
                                                

 75%|███████▌  | 75/100 [02:38<00:41,  1.66s/it]
{'eval_loss': 1.289219856262207, 'eval_accuracy': 0.82, 'eval_runtime': 3.0143, 'eval_samples_per_second': 33.175, 'eval_steps_per_second': 2.322, 'epoch': 2.0}
{'loss': 1.1808, 'grad_norm': 12.336692810058594, 'learning_rate': 1.0222222222222223e-05, 'epoch': 2.2}
{'loss': 1.0587, 'grad_norm': 7.5724310874938965, 'learning_rate': 9.111111111111112e-06, 'epoch': 2.4}
{'loss': 0.9724, 'grad_norm': 8.337400436401367, 'learning_rate': 8.000000000000001e-06, 'epoch': 2.6}
{'loss': 0.9038, 'grad_norm': 9.154717445373535, 'learning_rate': 6.88888888888889e-06, 'epoch': 2.8}
{'loss': 0.793, 'grad_norm': 8.91112995147705, 'learning_rate': 5.777777777777778e-06, 'epoch': 3.0}

  0%|          | 0/7 [00:00<?, ?it/s][A

 29%|██▊       | 2/7 [00:00<00:00,  5.64it/s][A

 43%|████▎     | 3/7 [00:00<00:01,  3.88it/s][A

 57%|█████▋    | 4/7 [00:01<00:00,  3.39it/s][A

 71%|███████▏  | 5/7 [00:01<00:00,  3.18it/s][A

 86%|████████▌ | 6/7 [00:01<00:00,  2.96it/s][A

100%|██████████| 7/7 [00:01<00:00,  3.69it/s][A
                                                


                                             
[A
 75%|███████▌  | 75/100 [02:40<00:41,  1.66s/it]

100%|██████████| 7/7 [00:01<00:00,  3.69it/s][A

                                             [A
 76%|███████▌  | 76/100 [02:42<00:57,  2.38s/it]
 77%|███████▋  | 77/100 [02:44<00:50,  2.20s/it]
 78%|███████▊  | 78/100 [02:45<00:45,  2.06s/it]
 79%|███████▉  | 79/100 [02:47<00:40,  1.94s/it]
 80%|████████  | 80/100 [02:49<00:36,  1.83s/it]
                                                

 80%|████████  | 80/100 [02:49<00:36,  1.83s/it]
 81%|████████  | 81/100 [02:50<00:33,  1.76s/it]
 82%|████████▏ | 82/100 [02:52<00:31,  1.75s/it]
 83%|████████▎ | 83/100 [02:54<00:28,  1.70s/it]
 84%|████████▍ | 84/100 [02:55<00:26,  1.67s/it]
 85%|████████▌ | 85/100 [02:57<00:24,  1.66s/it]
                                                

 85%|████████▌ | 85/100 [02:57<00:24,  1.66s/it]
 86%|████████▌ | 86/100 [02:59<00:23,  1.68s/it]
 87%|████████▋ | 87/100 [03:00<00:21,  1.65s/it]
 88%|████████▊ | 88/100 [03:02<00:19,  1.67s/it]
 89%|████████▉ | 89/100 [03:04<00:18,  1.67s/it]
 90%|█████████ | 90/100 [03:05<00:16,  1.66s/it]
                                                

 90%|█████████ | 90/100 [03:05<00:16,  1.66s/it]
 91%|█████████ | 91/100 [03:07<00:14,  1.64s/it]
 92%|█████████▏| 92/100 [03:08<00:12,  1.62s/it]
 93%|█████████▎| 93/100 [03:10<00:11,  1.61s/it]
 94%|█████████▍| 94/100 [03:11<00:09,  1.60s/it]
 95%|█████████▌| 95/100 [03:13<00:07,  1.59s/it]
                                                

 95%|█████████▌| 95/100 [03:13<00:07,  1.59s/it]
 96%|█████████▌| 96/100 [03:15<00:06,  1.62s/it]
 97%|█████████▋| 97/100 [03:16<00:04,  1.62s/it]
 98%|█████████▊| 98/100 [03:18<00:03,  1.63s/it]
 99%|█████████▉| 99/100 [03:20<00:01,  1.61s/it]
100%|██████████| 100/100 [03:21<00:00,  1.60s/it]
                                                 

100%|██████████| 100/100 [03:21<00:00,  1.60s/it]
{'eval_loss': 0.7752135396003723, 'eval_accuracy': 0.92, 'eval_runtime': 2.3246, 'eval_samples_per_second': 43.019, 'eval_steps_per_second': 3.011, 'epoch': 3.0}
{'loss': 0.7251, 'grad_norm': 9.519564628601074, 'learning_rate': 4.666666666666667e-06, 'epoch': 3.2}
{'loss': 0.6061, 'grad_norm': 7.382880687713623, 'learning_rate': 3.555555555555556e-06, 'epoch': 3.4}
{'loss': 0.7527, 'grad_norm': 6.006513595581055, 'learning_rate': 2.4444444444444447e-06, 'epoch': 3.6}
{'loss': 0.6213, 'grad_norm': 5.958241939544678, 'learning_rate': 1.3333333333333334e-06, 'epoch': 3.8}
{'loss': 0.5764, 'grad_norm': 8.24317455291748, 'learning_rate': 2.2222222222222224e-07, 'epoch': 4.0}

  0%|          | 0/7 [00:00<?, ?it/s][A

 29%|██▊       | 2/7 [00:00<00:00,  5.45it/s][A

 43%|████▎     | 3/7 [00:00<00:01,  3.82it/s][A

 57%|█████▋    | 4/7 [00:01<00:00,  3.40it/s][A

 71%|███████▏  | 5/7 [00:01<00:00,  3.21it/s][A

 86%|████████▌ | 6/7 [00:01<00:00,  3.07it/s][A

100%|██████████| 7/7 [00:01<00:00,  3.90it/s][A
                                                 


                                             
[A
100%|██████████| 100/100 [03:23<00:00,  1.60s/it]

100%|██████████| 7/7 [00:01<00:00,  3.90it/s][A

                                             [A
                                                 

100%|██████████| 100/100 [03:23<00:00,  1.60s/it]
100%|██████████| 100/100 [03:23<00:00,  2.04s/it]
{'eval_loss': 0.6320130825042725, 'eval_accuracy': 0.94, 'eval_runtime': 2.2576, 'eval_samples_per_second': 44.295, 'eval_steps_per_second': 3.101, 'epoch': 4.0}
{'train_runtime': 203.9038, 'train_samples_per_second': 7.847, 'train_steps_per_second': 0.49, 'train_loss': 1.3955726408958435, 'epoch': 4.0}

  0%|          | 0/7 [00:00<?, ?it/s]
 29%|██▊       | 2/7 [00:00<00:00,  5.57it/s]
 43%|████▎     | 3/7 [00:00<00:01,  3.99it/s]
 57%|█████▋    | 4/7 [00:01<00:00,  3.52it/s]
 71%|███████▏  | 5/7 [00:01<00:00,  3.12it/s]
 86%|████████▌ | 6/7 [00:01<00:00,  3.00it/s]
100%|██████████| 7/7 [00:01<00:00,  3.82it/s]
100%|██████████| 7/7 [00:01<00:00,  3.67it/s]

最终结果
{
  "run_name": "lr_2e-5",
  "model": "google-bert/bert-base-chinese",
  "device": "cpu",
  "samples": 500,
  "train_samples": 400,
  "test_samples": 100,
  "num_labels": 11,
  "labels": [
    "Alarm-Update",
    "Audio-Play",
    "Calendar-Query",
    "FilmTele-Play",
    "HomeAppliance-Control",
    "Music-Play",
    "Radio-Listen",
    "TVProgram-Play",
    "Travel-Query",
    "Video-Play",
    "Weather-Query"
  ],
  "epochs": 4,
  "batch_size": 16,
  "learning_rate": 2e-05,
  "seed": 42,
  "train_runtime_seconds": 203.9038,
  "eval_loss": 0.6320130825042725,
  "eval_accuracy": 0.94,
  "model_saved": false
}
