Some weights of BertForSequenceClassification were not initialized from the model checkpoint at google-bert/bert-base-chinese and are newly initialized: ['classifier.bias', 'classifier.weight']
You should probably TRAIN this model on a down-stream task to be able to use it for predictions and inference.
设备: CPU
样本: train=400, test=100, 类别=11
超参数: epochs=4, batch_size=16, learning_rate=5e-05, seed=42

  0%|          | 0/100 [00:00<?, ?it/s]
  1%|          | 1/100 [00:03<05:15,  3.18s/it]
  2%|▏         | 2/100 [00:04<03:32,  2.16s/it]
  3%|▎         | 3/100 [00:06<03:02,  1.88s/it]
  4%|▍         | 4/100 [00:07<02:48,  1.75s/it]
  5%|▌         | 5/100 [00:09<02:39,  1.68s/it]
                                               

  5%|▌         | 5/100 [00:09<02:39,  1.68s/it]
  6%|▌         | 6/100 [00:10<02:33,  1.63s/it]
  7%|▋         | 7/100 [00:12<02:28,  1.59s/it]
  8%|▊         | 8/100 [00:13<02:26,  1.60s/it]
  9%|▉         | 9/100 [00:15<02:27,  1.63s/it]
 10%|█         | 10/100 [00:17<02:26,  1.62s/it]
                                                

 10%|█         | 10/100 [00:17<02:26,  1.62s/it]
 11%|█         | 11/100 [00:19<02:29,  1.68s/it]
 12%|█▏        | 12/100 [00:20<02:27,  1.68s/it]
 13%|█▎        | 13/100 [00:22<02:24,  1.66s/it]
 14%|█▍        | 14/100 [00:23<02:22,  1.65s/it]
 15%|█▌        | 15/100 [00:25<02:17,  1.62s/it]
                                                

 15%|█▌        | 15/100 [00:25<02:17,  1.62s/it]
 16%|█▌        | 16/100 [00:27<02:16,  1.62s/it]
 17%|█▋        | 17/100 [00:28<02:15,  1.64s/it]
 18%|█▊        | 18/100 [00:30<02:13,  1.63s/it]
 19%|█▉        | 19/100 [00:32<02:10,  1.61s/it]
 20%|██        | 20/100 [00:33<02:07,  1.60s/it]
                                                

 20%|██        | 20/100 [00:33<02:07,  1.60s/it]
 21%|██        | 21/100 [00:35<02:08,  1.62s/it]
 22%|██▏       | 22/100 [00:36<02:06,  1.62s/it]
 23%|██▎       | 23/100 [00:38<02:04,  1.62s/it]
 24%|██▍       | 24/100 [00:40<02:04,  1.64s/it]
 25%|██▌       | 25/100 [00:41<02:02,  1.63s/it]
                                                

{'loss': 2.5408, 'grad_norm': 29.630687713623047, 'learning_rate': 2e-05, 'epoch': 0.2}
 25%|██▌       | 25/100 [00:41<02:02,  1.63s/it]
{'loss': 2.3213, 'grad_norm': 9.62349796295166, 'learning_rate': 4.5e-05, 'epoch': 0.4}
{'loss': 2.006, 'grad_norm': 10.704879760742188, 'learning_rate': 4.7777777777777784e-05, 'epoch': 0.6}
{'loss': 1.7412, 'grad_norm': 11.381385803222656, 'learning_rate': 4.5e-05, 'epoch': 0.8}
{'loss': 1.2822, 'grad_norm': 10.02979850769043, 'learning_rate': 4.222222222222222e-05, 'epoch': 1.0}

  0%|          | 0/7 [00:00<?, ?it/s][A

 29%|██▊       | 2/7 [00:00<00:00,  5.11it/s][A

 43%|████▎     | 3/7 [00:00<00:01,  3.59it/s][A

 57%|█████▋    | 4/7 [00:01<00:00,  3.20it/s][A

 71%|███████▏  | 5/7 [00:01<00:00,  3.02it/s][A

 86%|████████▌ | 6/7 [00:01<00:00,  2.95it/s][A

100%|██████████| 7/7 [00:01<00:00,  3.77it/s][A
                                                


                                             
[A
 25%|██▌       | 25/100 [00:44<02:02,  1.63s/it]

100%|██████████| 7/7 [00:01<00:00,  3.77it/s][A

                                             [A
 26%|██▌       | 26/100 [00:45<02:54,  2.36s/it]
 27%|██▋       | 27/100 [00:47<02:34,  2.12s/it]
 28%|██▊       | 28/100 [00:48<02:20,  1.95s/it]
 29%|██▉       | 29/100 [00:50<02:09,  1.83s/it]
 30%|███       | 30/100 [00:52<02:06,  1.81s/it]
                                                

 30%|███       | 30/100 [00:52<02:06,  1.81s/it]
 31%|███       | 31/100 [00:54<02:04,  1.80s/it]
 32%|███▏      | 32/100 [00:55<02:01,  1.78s/it]
 33%|███▎      | 33/100 [00:57<02:01,  1.82s/it]
 34%|███▍      | 34/100 [00:59<01:59,  1.81s/it]
 35%|███▌      | 35/100 [01:01<02:01,  1.87s/it]
                                                

 35%|███▌      | 35/100 [01:01<02:01,  1.87s/it]
 36%|███▌      | 36/100 [01:03<01:57,  1.84s/it]
 37%|███▋      | 37/100 [01:04<01:52,  1.78s/it]
 38%|███▊      | 38/100 [01:06<01:47,  1.74s/it]
 39%|███▉      | 39/100 [01:08<01:44,  1.72s/it]
 40%|████      | 40/100 [01:09<01:43,  1.73s/it]
                                                

 40%|████      | 40/100 [01:09<01:43,  1.73s/it]
 41%|████      | 41/100 [01:11<01:45,  1.79s/it]
 42%|████▏     | 42/100 [01:13<01:41,  1.75s/it]
 43%|████▎     | 43/100 [01:15<01:36,  1.69s/it]
 44%|████▍     | 44/100 [01:16<01:33,  1.66s/it]
 45%|████▌     | 45/100 [01:18<01:29,  1.63s/it]
                                                

 45%|████▌     | 45/100 [01:18<01:29,  1.63s/it]
 46%|████▌     | 46/100 [01:19<01:26,  1.61s/it]
 47%|████▋     | 47/100 [01:21<01:24,  1.60s/it]
 48%|████▊     | 48/100 [01:22<01:22,  1.59s/it]
 49%|████▉     | 49/100 [01:24<01:21,  1.59s/it]
 50%|█████     | 50/100 [01:26<01:20,  1.61s/it]
                                                

{'eval_loss': 1.1133769750595093, 'eval_accuracy': 0.83, 'eval_runtime': 2.3758, 'eval_samples_per_second': 42.09, 'eval_steps_per_second': 2.946, 'epoch': 1.0}
 50%|█████     | 50/100 [01:26<01:20,  1.61s/it]
{'loss': 1.0356, 'grad_norm': 8.761929512023926, 'learning_rate': 3.944444444444445e-05, 'epoch': 1.2}
{'loss': 0.7879, 'grad_norm': 8.0420560836792, 'learning_rate': 3.6666666666666666e-05, 'epoch': 1.4}
{'loss': 0.7242, 'grad_norm': 12.847367286682129, 'learning_rate': 3.388888888888889e-05, 'epoch': 1.6}
{'loss': 0.4868, 'grad_norm': 6.330140113830566, 'learning_rate': 3.111111111111111e-05, 'epoch': 1.8}
{'loss': 0.3795, 'grad_norm': 11.5247163772583, 'learning_rate': 2.8333333333333335e-05, 'epoch': 2.0}

  0%|          | 0/7 [00:00<?, ?it/s][A

 29%|██▊       | 2/7 [00:00<00:00,  5.31it/s][A

 43%|████▎     | 3/7 [00:00<00:01,  3.80it/s][A

 57%|█████▋    | 4/7 [00:01<00:00,  3.32it/s][A

 71%|███████▏  | 5/7 [00:01<00:00,  3.05it/s][A

 86%|████████▌ | 6/7 [00:01<00:00,  2.97it/s][A

100%|██████████| 7/7 [00:01<00:00,  3.81it/s][A
                                                


                                             
[A
 50%|█████     | 50/100 [01:28<01:20,  1.61s/it]

100%|██████████| 7/7 [00:01<00:00,  3.81it/s][A

                                             [A
 51%|█████     | 51/100 [01:30<01:52,  2.30s/it]
 52%|█████▏    | 52/100 [01:31<01:39,  2.07s/it]
 53%|█████▎    | 53/100 [01:33<01:29,  1.91s/it]
 54%|█████▍    | 54/100 [01:34<01:22,  1.79s/it]
 55%|█████▌    | 55/100 [01:36<01:17,  1.72s/it]
                                                

 55%|█████▌    | 55/100 [01:36<01:17,  1.72s/it]
 56%|█████▌    | 56/100 [01:37<01:14,  1.68s/it]
 57%|█████▋    | 57/100 [01:39<01:10,  1.63s/it]
 58%|█████▊    | 58/100 [01:40<01:06,  1.59s/it]
 59%|█████▉    | 59/100 [01:42<01:04,  1.57s/it]
 60%|██████    | 60/100 [01:43<01:02,  1.57s/it]
                                                

 60%|██████    | 60/100 [01:43<01:02,  1.57s/it]
 61%|██████    | 61/100 [01:45<01:01,  1.58s/it]
 62%|██████▏   | 62/100 [01:47<01:02,  1.63s/it]
 63%|██████▎   | 63/100 [01:48<01:00,  1.64s/it]
 64%|██████▍   | 64/100 [01:50<00:58,  1.62s/it]
 65%|██████▌   | 65/100 [01:52<00:57,  1.63s/it]
                                                

 65%|██████▌   | 65/100 [01:52<00:57,  1.63s/it]
 66%|██████▌   | 66/100 [01:53<00:55,  1.62s/it]
 67%|██████▋   | 67/100 [01:55<00:53,  1.63s/it]
 68%|██████▊   | 68/100 [01:57<00:52,  1.65s/it]
 69%|██████▉   | 69/100 [01:58<00:51,  1.65s/it]
 70%|███████   | 70/100 [02:00<00:48,  1.63s/it]
                                                

 70%|███████   | 70/100 [02:00<00:48,  1.63s/it]
 71%|███████   | 71/100 [02:01<00:46,  1.61s/it]
 72%|███████▏  | 72/100 [02:04<00:52,  1.88s/it]
 73%|███████▎  | 73/100 [02:06<00:51,  1.92s/it]
 74%|███████▍  | 74/100 [02:08<00:48,  1.87s/it]
 75%|███████▌  | 75/100 [02:10<00:50,  2.01s/it]
                                                

{'eval_loss': 0.39851292967796326, 'eval_accuracy': 0.93, 'eval_runtime': 2.3389, 'eval_samples_per_second': 42.755, 'eval_steps_per_second': 2.993, 'epoch': 2.0}
{'loss': 0.2809, 'grad_norm': 1.811197280883789, 'learning_rate': 2.5555555555555554e-05, 'epoch': 2.2}
{'loss': 0.2623, 'grad_norm': 4.91562032699585, 'learning_rate': 2.277777777777778e-05, 'epoch': 2.4}
{'loss': 0.2262, 'grad_norm': 6.992879390716553, 'learning_rate': 2e-05, 'epoch': 2.6}
{'loss': 0.1378, 'grad_norm': 1.3154306411743164, 'learning_rate': 1.7222222222222224e-05, 'epoch': 2.8}
{'loss': 0.1457, 'grad_norm': 3.292433261871338, 'learning_rate': 1.4444444444444444e-05, 'epoch': 3.0}
 75%|███████▌  | 75/100 [02:10<00:50,  2.01s/it]

  0%|          | 0/7 [00:00<?, ?it/s][A

 29%|██▊       | 2/7 [00:00<00:01,  4.12it/s][A

 43%|████▎     | 3/7 [00:00<00:01,  2.94it/s][A

 57%|█████▋    | 4/7 [00:01<00:01,  2.98it/s][A

 71%|███████▏  | 5/7 [00:01<00:00,  2.90it/s][A

 86%|████████▌ | 6/7 [00:02<00:00,  2.82it/s][A

100%|██████████| 7/7 [00:02<00:00,  3.53it/s][A
                                                


                                             
[A
 75%|███████▌  | 75/100 [02:13<00:50,  2.01s/it]

100%|██████████| 7/7 [00:02<00:00,  3.53it/s][A

                                             [A
 76%|███████▌  | 76/100 [02:14<01:04,  2.67s/it]
 77%|███████▋  | 77/100 [02:16<00:53,  2.34s/it]
 78%|███████▊  | 78/100 [02:18<00:47,  2.15s/it]
 79%|███████▉  | 79/100 [02:19<00:42,  2.01s/it]
 80%|████████  | 80/100 [02:21<00:38,  1.91s/it]
                                                

 80%|████████  | 80/100 [02:21<00:38,  1.91s/it]
 81%|████████  | 81/100 [02:23<00:34,  1.83s/it]
 82%|████████▏ | 82/100 [02:24<00:32,  1.78s/it]
 83%|████████▎ | 83/100 [02:26<00:29,  1.74s/it]
 84%|████████▍ | 84/100 [02:27<00:26,  1.69s/it]
 85%|████████▌ | 85/100 [02:29<00:24,  1.66s/it]
                                                

 85%|████████▌ | 85/100 [02:29<00:24,  1.66s/it]
 86%|████████▌ | 86/100 [02:31<00:22,  1.64s/it]
 87%|████████▋ | 87/100 [02:32<00:21,  1.64s/it]
 88%|████████▊ | 88/100 [02:34<00:20,  1.69s/it]
 89%|████████▉ | 89/100 [02:36<00:18,  1.68s/it]
 90%|█████████ | 90/100 [02:37<00:16,  1.66s/it]
                                                

 90%|█████████ | 90/100 [02:37<00:16,  1.66s/it]
 91%|█████████ | 91/100 [02:39<00:14,  1.64s/it]
 92%|█████████▏| 92/100 [02:41<00:13,  1.63s/it]
 93%|█████████▎| 93/100 [02:42<00:11,  1.63s/it]
 94%|█████████▍| 94/100 [02:44<00:09,  1.62s/it]
 95%|█████████▌| 95/100 [02:45<00:08,  1.62s/it]
                                                

 95%|█████████▌| 95/100 [02:45<00:08,  1.62s/it]
 96%|█████████▌| 96/100 [02:47<00:06,  1.61s/it]
 97%|█████████▋| 97/100 [02:49<00:04,  1.61s/it]
 98%|█████████▊| 98/100 [02:50<00:03,  1.62s/it]
 99%|█████████▉| 99/100 [02:52<00:01,  1.62s/it]
100%|██████████| 100/100 [02:53<00:00,  1.62s/it]
                                                 

100%|██████████| 100/100 [02:53<00:00,  1.62s/it]
{'eval_loss': 0.273029625415802, 'eval_accuracy': 0.95, 'eval_runtime': 2.5981, 'eval_samples_per_second': 38.49, 'eval_steps_per_second': 2.694, 'epoch': 3.0}

{'loss': 0.0978, 'grad_norm': 0.7971957325935364, 'learning_rate': 1.1666666666666668e-05, 'epoch': 3.2}
{'loss': 0.064, 'grad_norm': 1.2774910926818848, 'learning_rate': 8.88888888888889e-06, 'epoch': 3.4}
{'loss': 0.1623, 'grad_norm': 1.57486891746521, 'learning_rate': 6.111111111111111e-06, 'epoch': 3.6}
{'loss': 0.0952, 'grad_norm': 0.5460625886917114, 'learning_rate': 3.3333333333333333e-06, 'epoch': 3.8}
{'loss': 0.081, 'grad_norm': 0.6145529747009277, 'learning_rate': 5.555555555555556e-07, 'epoch': 4.0}
  0%|          | 0/7 [00:00<?, ?it/s][A

 29%|██▊       | 2/7 [00:00<00:00,  5.30it/s][A

 43%|████▎     | 3/7 [00:00<00:01,  3.85it/s][A

 57%|█████▋    | 4/7 [00:01<00:00,  3.34it/s][A

 71%|███████▏  | 5/7 [00:01<00:00,  3.07it/s][A

 86%|████████▌ | 6/7 [00:01<00:00,  2.95it/s][A

100%|██████████| 7/7 [00:01<00:00,  3.78it/s][A
                                                 


                                             
[A
100%|██████████| 100/100 [02:56<00:00,  1.62s/it]

100%|██████████| 7/7 [00:01<00:00,  3.78it/s][A

                                             [A
                                                 

100%|██████████| 100/100 [02:56<00:00,  1.62s/it]
100%|██████████| 100/100 [02:56<00:00,  1.76s/it]
{'eval_loss': 0.23079368472099304, 'eval_accuracy': 0.95, 'eval_runtime': 2.2927, 'eval_samples_per_second': 43.617, 'eval_steps_per_second': 3.053, 'epoch': 4.0}
{'train_runtime': 176.2266, 'train_samples_per_second': 9.079, 'train_steps_per_second': 0.567, 'train_loss': 0.7429411768913269, 'epoch': 4.0}

  0%|          | 0/7 [00:00<?, ?it/s]
 29%|██▊       | 2/7 [00:00<00:00,  5.35it/s]
 43%|████▎     | 3/7 [00:00<00:01,  3.83it/s]
 57%|█████▋    | 4/7 [00:01<00:00,  3.43it/s]
 71%|███████▏  | 5/7 [00:01<00:00,  3.09it/s]
 86%|████████▌ | 6/7 [00:01<00:00,  2.94it/s]
100%|██████████| 7/7 [00:01<00:00,  3.73it/s]
100%|██████████| 7/7 [00:01<00:00,  3.58it/s]

最终结果
{
  "run_name": "lr_5e-5",
  "model": "google-bert/bert-base-chinese",
  "device": "cpu",
  "samples": 500,
  "train_samples": 400,
  "test_samples": 100,
  "num_labels": 11,
  "labels": [
    "Alarm-Update",
    "Audio-Play",
    "Calendar-Query",
    "FilmTele-Play",
    "HomeAppliance-Control",
    "Music-Play",
    "Radio-Listen",
    "TVProgram-Play",
    "Travel-Query",
    "Video-Play",
    "Weather-Query"
  ],
  "epochs": 4,
  "batch_size": 16,
  "learning_rate": 5e-05,
  "seed": 42,
  "train_runtime_seconds": 176.2266,
  "eval_loss": 0.23079368472099304,
  "eval_accuracy": 0.95,
  "model_saved": false
}
